// Jest Snapshot v1, https://goo.gl/fbAQLP

exports[`App other renders correctly 1`] = `
<div
  className="App"
>
  <ol>
    <li>
      Vlad
    </li>
    <li>
      Max
    </li>
    <li>
      Kravich
    </li>
  </ol>
</div>
`;
